<a href="/" target="_blank" rel="noopener noreferrer nofollow">External link</a>
<a href="/" target="_blank" rel="nofollow">External link</a>
<a href="/" target="_self">Home</a>
